// Vitest Snapshot v1, https://vitest.dev/guide/snapshot.html

exports[`Alert > Dom structure > test snapshot 1`] = `
{
  "asFragment": [Function],
  "baseElement": <body>
    <div>
      <div
        class="flex items-center justify-between px-4 py-3 border border-solid bg-warning-10 border-warning-10 w-full "
        data-testid="alert-wrapper"
      >
        <div
          class="flex items-start"
        >
          <span
            class="shrink-0"
          >
            <svg
              class="w-4 h-4 mr-2 text-warning"
              fill="none"
              height="24"
              viewBox="0 0 24 24"
              width="24"
              xmlns="http://www.w3.org/2000/svg"
            >
              <path
                d="M12 2C6.477 2 2 6.477 2 12s4.477 10 10 10 10-4.477 10-10S17.523 2 12 2z"
                fill="currentColor"
              />
              <path
                d="M12 8v4M12 16h-.01"
                stroke="#fff"
                stroke-linecap="round"
                stroke-linejoin="round"
                stroke-width="2"
              />
            </svg>
          </span>
          <span
            class="text-warning-dark"
          >
            testValue
          </span>
        </div>
      </div>
    </div>
  </body>,
  "container": <div>
    <div
      class="flex items-center justify-between px-4 py-3 border border-solid bg-warning-10 border-warning-10 w-full "
      data-testid="alert-wrapper"
    >
      <div
        class="flex items-start"
      >
        <span
          class="shrink-0"
        >
          <svg
            class="w-4 h-4 mr-2 text-warning"
            fill="none"
            height="24"
            viewBox="0 0 24 24"
            width="24"
            xmlns="http://www.w3.org/2000/svg"
          >
            <path
              d="M12 2C6.477 2 2 6.477 2 12s4.477 10 10 10 10-4.477 10-10S17.523 2 12 2z"
              fill="currentColor"
            />
            <path
              d="M12 8v4M12 16h-.01"
              stroke="#fff"
              stroke-linecap="round"
              stroke-linejoin="round"
              stroke-width="2"
            />
          </svg>
        </span>
        <span
          class="text-warning-dark"
        >
          testValue
        </span>
      </div>
    </div>
  </div>,
  "debug": [Function],
  "findAllByAltText": [Function],
  "findAllByDisplayValue": [Function],
  "findAllByLabelText": [Function],
  "findAllByPlaceholderText": [Function],
  "findAllByRole": [Function],
  "findAllByTestId": [Function],
  "findAllByText": [Function],
  "findAllByTitle": [Function],
  "findByAltText": [Function],
  "findByDisplayValue": [Function],
  "findByLabelText": [Function],
  "findByPlaceholderText": [Function],
  "findByRole": [Function],
  "findByTestId": [Function],
  "findByText": [Function],
  "findByTitle": [Function],
  "getAllByAltText": [Function],
  "getAllByDisplayValue": [Function],
  "getAllByLabelText": [Function],
  "getAllByPlaceholderText": [Function],
  "getAllByRole": [Function],
  "getAllByTestId": [Function],
  "getAllByText": [Function],
  "getAllByTitle": [Function],
  "getByAltText": [Function],
  "getByDisplayValue": [Function],
  "getByLabelText": [Function],
  "getByPlaceholderText": [Function],
  "getByRole": [Function],
  "getByTestId": [Function],
  "getByText": [Function],
  "getByTitle": [Function],
  "queryAllByAltText": [Function],
  "queryAllByDisplayValue": [Function],
  "queryAllByLabelText": [Function],
  "queryAllByPlaceholderText": [Function],
  "queryAllByRole": [Function],
  "queryAllByTestId": [Function],
  "queryAllByText": [Function],
  "queryAllByTitle": [Function],
  "queryByAltText": [Function],
  "queryByDisplayValue": [Function],
  "queryByLabelText": [Function],
  "queryByPlaceholderText": [Function],
  "queryByRole": [Function],
  "queryByTestId": [Function],
  "queryByText": [Function],
  "queryByTitle": [Function],
  "rerender": [Function],
  "unmount": [Function],
}
`;
