// Jest Snapshot v1, https://goo.gl/fbAQLP

exports[`Input test snapshot 1`] = `
Object {
  "asFragment": [Function],
  "baseElement": <body>
    <div>
      <div
        class="w-60"
        data-testid="input-wrapper"
      >
        <div
          class="flex justify-between items-center rounded w-60 bg-gray-0 h-10 border border-gray-20 "
          data-testid="input-container"
        >
          <input
            class="w-full h-full px-3 text-gray-80 placeholder-gray-40 border-0 rounded p-0 outline-none text-sm "
            data-testid="input-text"
            value="test value"
          />
        </div>
        
      </div>
    </div>
  </body>,
  "container": <div>
    <div
      class="w-60"
      data-testid="input-wrapper"
    >
      <div
        class="flex justify-between items-center rounded w-60 bg-gray-0 h-10 border border-gray-20 "
        data-testid="input-container"
      >
        <input
          class="w-full h-full px-3 text-gray-80 placeholder-gray-40 border-0 rounded p-0 outline-none text-sm "
          data-testid="input-text"
          value="test value"
        />
      </div>
      
    </div>
  </div>,
  "debug": [Function],
  "findAllByAltText": [Function],
  "findAllByDisplayValue": [Function],
  "findAllByLabelText": [Function],
  "findAllByPlaceholderText": [Function],
  "findAllByRole": [Function],
  "findAllByTestId": [Function],
  "findAllByText": [Function],
  "findAllByTitle": [Function],
  "findByAltText": [Function],
  "findByDisplayValue": [Function],
  "findByLabelText": [Function],
  "findByPlaceholderText": [Function],
  "findByRole": [Function],
  "findByTestId": [Function],
  "findByText": [Function],
  "findByTitle": [Function],
  "getAllByAltText": [Function],
  "getAllByDisplayValue": [Function],
  "getAllByLabelText": [Function],
  "getAllByPlaceholderText": [Function],
  "getAllByRole": [Function],
  "getAllByTestId": [Function],
  "getAllByText": [Function],
  "getAllByTitle": [Function],
  "getByAltText": [Function],
  "getByDisplayValue": [Function],
  "getByLabelText": [Function],
  "getByPlaceholderText": [Function],
  "getByRole": [Function],
  "getByTestId": [Function],
  "getByText": [Function],
  "getByTitle": [Function],
  "queryAllByAltText": [Function],
  "queryAllByDisplayValue": [Function],
  "queryAllByLabelText": [Function],
  "queryAllByPlaceholderText": [Function],
  "queryAllByRole": [Function],
  "queryAllByTestId": [Function],
  "queryAllByText": [Function],
  "queryAllByTitle": [Function],
  "queryByAltText": [Function],
  "queryByDisplayValue": [Function],
  "queryByLabelText": [Function],
  "queryByPlaceholderText": [Function],
  "queryByRole": [Function],
  "queryByTestId": [Function],
  "queryByText": [Function],
  "queryByTitle": [Function],
  "rerender": [Function],
  "unmount": [Function],
}
`;
