// Jest Snapshot v1, https://goo.gl/fbAQLP

exports[`Loading test snapshot 1`] = `
Object {
  "asFragment": [Function],
  "baseElement": <body>
    <div>
      <svg
        class="animate-spin text-gray-20 w-12 h-12 test-loading"
        data-testid="loading-wrapper"
        fill="none"
        height="52"
        viewBox="0 0 52 52"
        width="52"
        xmlns="http://www.w3.org/2000/svg"
      >
        <circle
          cx="26"
          cy="26"
          r="24"
          stroke="currentColor"
          stroke-width="3"
        />
        <path
          d="M26 50c13.255 0 24-10.745 24-24S39.255 2 26 2"
          stroke="#6FC5B1"
          stroke-width="3"
        />
      </svg>
    </div>
  </body>,
  "container": <div>
    <svg
      class="animate-spin text-gray-20 w-12 h-12 test-loading"
      data-testid="loading-wrapper"
      fill="none"
      height="52"
      viewBox="0 0 52 52"
      width="52"
      xmlns="http://www.w3.org/2000/svg"
    >
      <circle
        cx="26"
        cy="26"
        r="24"
        stroke="currentColor"
        stroke-width="3"
      />
      <path
        d="M26 50c13.255 0 24-10.745 24-24S39.255 2 26 2"
        stroke="#6FC5B1"
        stroke-width="3"
      />
    </svg>
  </div>,
  "debug": [Function],
  "findAllByAltText": [Function],
  "findAllByDisplayValue": [Function],
  "findAllByLabelText": [Function],
  "findAllByPlaceholderText": [Function],
  "findAllByRole": [Function],
  "findAllByTestId": [Function],
  "findAllByText": [Function],
  "findAllByTitle": [Function],
  "findByAltText": [Function],
  "findByDisplayValue": [Function],
  "findByLabelText": [Function],
  "findByPlaceholderText": [Function],
  "findByRole": [Function],
  "findByTestId": [Function],
  "findByText": [Function],
  "findByTitle": [Function],
  "getAllByAltText": [Function],
  "getAllByDisplayValue": [Function],
  "getAllByLabelText": [Function],
  "getAllByPlaceholderText": [Function],
  "getAllByRole": [Function],
  "getAllByTestId": [Function],
  "getAllByText": [Function],
  "getAllByTitle": [Function],
  "getByAltText": [Function],
  "getByDisplayValue": [Function],
  "getByLabelText": [Function],
  "getByPlaceholderText": [Function],
  "getByRole": [Function],
  "getByTestId": [Function],
  "getByText": [Function],
  "getByTitle": [Function],
  "queryAllByAltText": [Function],
  "queryAllByDisplayValue": [Function],
  "queryAllByLabelText": [Function],
  "queryAllByPlaceholderText": [Function],
  "queryAllByRole": [Function],
  "queryAllByTestId": [Function],
  "queryAllByText": [Function],
  "queryAllByTitle": [Function],
  "queryByAltText": [Function],
  "queryByDisplayValue": [Function],
  "queryByLabelText": [Function],
  "queryByPlaceholderText": [Function],
  "queryByRole": [Function],
  "queryByTestId": [Function],
  "queryByText": [Function],
  "queryByTitle": [Function],
  "rerender": [Function],
  "unmount": [Function],
}
`;
